›
kirk
{"name": "star_trek_lookup", "arguments": {"query": "kirk"}}